// Vitest Snapshot v1, https://vitest.dev/guide/snapshot.html

exports[`Home visual regression > matches desktop (1280px) snapshot 1`] = `
<section
  class="hero-redesign"
>
  <div
    class="mx-auto grid max-w-[1200px] items-center gap-20 px-6 py-20 lg:grid-cols-[1fr_380px]"
  >
    <div>
      <div
        class="live-indicator mb-6"
      >
        <span
          aria-hidden="true"
          class="live-dot"
        />
        <span>
          RBA cash rate: 
          <strong
            class="text-foreground"
          >
            4.10
            %
          </strong>
        </span>
        <span
          class="text-border-strong"
        >
          ·
        </span>
        <span>
          Updated 
          12 May 2026
        </span>
      </div>
      <h1
        class="text-[clamp(36px,4vw,54px)] mb-5"
      >
        Australia's most
        <br />
        accurate mortgage
        <br />
        calculators.
      </h1>
      <p
        class="mb-10 max-w-[480px] text-[16px] leading-relaxed text-muted-foreground"
      >
        Updated with live RBA rates. Stamp duty for all 8 states. No sign-up. No ads disguised as results.
      </p>
      <div
        class="grid max-w-[480px] grid-cols-2 gap-2"
      >
        <a
          class="hero-calc-link primary"
          href="/mortgage-calculator"
        >
          <span>
            Mortgage repayments
          </span>
          <span
            aria-hidden="true"
          >
            →
          </span>
        </a>
        <a
          class="hero-calc-link"
          href="/stamp-duty-calculator"
        >
          <span>
            Stamp duty
          </span>
          <span
            aria-hidden="true"
            class="text-muted-foreground"
          >
            →
          </span>
        </a>
        <a
          class="hero-calc-link"
          href="/borrowing-power-calculator"
        >
          <span>
            Borrowing power
          </span>
          <span
            aria-hidden="true"
            class="text-muted-foreground"
          >
            →
          </span>
        </a>
        <a
          class="hero-calc-link"
          href="/lmi-calculator"
        >
          <span>
            LMI calculator
          </span>
          <span
            aria-hidden="true"
            class="text-muted-foreground"
          >
            →
          </span>
        </a>
      </div>
    </div>
    <aside
      class="hero-data-panel"
    >
      <div
        class="data-header"
      >
        <span>
          Current Australian rates
        </span>
        <span
          class="data-fresh"
        >
          ● Live
        </span>
      </div>
      <div
        class="data-row"
      >
        <span
          class="data-label"
        >
          RBA cash rate
        </span>
        <span
          class="data-value"
        >
          4.10
          %
        </span>
      </div>
      <div
        class="data-row"
      >
        <span
          class="data-label"
        >
          Owner-occupier avg
        </span>
        <span
          class="data-value"
        >
          5.66
          %
        </span>
      </div>
      <div
        class="data-row"
      >
        <span
          class="data-label"
        >
          Typical variable rate
        </span>
        <span
          class="data-value"
        >
          ~
          6.14
          %
        </span>
      </div>
      <div
        class="data-divider"
      />
      <div
        class="data-row"
      >
        <span
          class="data-label"
        >
          NSW FHB stamp duty
        </span>
        <span
          class="data-value green"
        >
          Exempt ≤ $800k
        </span>
      </div>
      <div
        class="data-row"
      >
        <span
          class="data-label"
        >
          QLD first home grant
        </span>
        <span
          class="data-value green"
        >
          $30,000
        </span>
      </div>
      <div
        class="data-row"
      >
        <span
          class="data-label"
        >
          VIC FHB stamp duty
        </span>
        <span
          class="data-value green"
        >
          Exempt ≤ $600k
        </span>
      </div>
      <div
        class="data-footer"
      >
        All 8 states · Updated daily
      </div>
    </aside>
  </div>
</section>
`;

exports[`Home visual regression > matches mobile (375px) snapshot 1`] = `
<div
  class="mobile-home min-h-screen bg-background pb-24"
>
  <section
    class="px-4 pt-4 pb-3"
  >
    <h1
      class="text-[28px] font-bold leading-[1.1] tracking-tight text-foreground"
    >
      Australian mortgage
       
      <em
        class="font-serif italic font-normal text-accent"
        style="font-family: var(--font-display-serif);"
      >
        tools
      </em>
    </h1>
    <p
      class="mt-1.5 text-[14px] text-muted-foreground"
    >
      Free. Live RBA rates. All 8 states. No sign-up.
    </p>
    <div
      class="mt-3 inline-flex items-center gap-2 rounded-full border border-border bg-surface px-3 py-1.5 text-[12px]"
    >
      <span
        aria-hidden="true"
        class="h-1.5 w-1.5 rounded-full bg-success"
      />
      <span
        class="text-muted-foreground"
      >
        RBA
         
        <strong
          class="font-semibold tnum text-foreground"
        >
          4.10
          %
        </strong>
         
        · 
        May 2026
      </span>
    </div>
  </section>
  <section
    class="px-4 pt-5"
  >
    <p
      class="mb-3 text-[10px] font-semibold uppercase tracking-wider text-muted-foreground"
    >
      All calculators
    </p>
    <div
      class="grid grid-cols-2 gap-2.5"
    >
      <a
        class="calc-card flex min-h-[120px] flex-col justify-between rounded-2xl border border-black/5 bg-white p-4 active:scale-[0.97] transition-transform"
        href="/mortgage-calculator"
        style="--card-accent: #2563eb;"
      >
        <svg
          class="lucide lucide-house h-6 w-6"
          fill="none"
          height="24"
          stroke="currentColor"
          stroke-linecap="round"
          stroke-linejoin="round"
          stroke-width="2"
          style="color: rgb(37, 99, 235);"
          viewBox="0 0 24 24"
          width="24"
          xmlns="http://www.w3.org/2000/svg"
        >
          <path
            d="M15 21v-8a1 1 0 0 0-1-1h-4a1 1 0 0 0-1 1v8"
          />
          <path
            d="M3 10a2 2 0 0 1 .709-1.528l7-5.999a2 2 0 0 1 2.582 0l7 5.999A2 2 0 0 1 21 10v9a2 2 0 0 1-2 2H5a2 2 0 0 1-2-2z"
          />
        </svg>
        <div>
          <span
            class="block text-[13px] font-semibold text-foreground"
          >
            Mortgage
          </span>
          <span
            class="block text-[11px] text-muted-foreground"
          >
            Repayments
          </span>
        </div>
      </a>
      <a
        class="calc-card flex min-h-[120px] flex-col justify-between rounded-2xl border border-black/5 bg-white p-4 active:scale-[0.97] transition-transform"
        href="/stamp-duty-calculator"
        style="--card-accent: #16a34a;"
      >
        <svg
          class="lucide lucide-file-text h-6 w-6"
          fill="none"
          height="24"
          stroke="currentColor"
          stroke-linecap="round"
          stroke-linejoin="round"
          stroke-width="2"
          style="color: rgb(22, 163, 74);"
          viewBox="0 0 24 24"
          width="24"
          xmlns="http://www.w3.org/2000/svg"
        >
          <path
            d="M15 2H6a2 2 0 0 0-2 2v16a2 2 0 0 0 2 2h12a2 2 0 0 0 2-2V7Z"
          />
          <path
            d="M14 2v4a2 2 0 0 0 2 2h4"
          />
          <path
            d="M10 9H8"
          />
          <path
            d="M16 13H8"
          />
          <path
            d="M16 17H8"
          />
        </svg>
        <div>
          <span
            class="block text-[13px] font-semibold text-foreground"
          >
            Stamp Duty
          </span>
          <span
            class="block text-[11px] text-muted-foreground"
          >
            All 8 states
          </span>
        </div>
      </a>
      <a
        class="calc-card flex min-h-[120px] flex-col justify-between rounded-2xl border border-black/5 bg-white p-4 active:scale-[0.97] transition-transform"
        href="/borrowing-power-calculator"
        style="--card-accent: #a855f7;"
      >
        <svg
          class="lucide lucide-chart-column h-6 w-6"
          fill="none"
          height="24"
          stroke="currentColor"
          stroke-linecap="round"
          stroke-linejoin="round"
          stroke-width="2"
          style="color: rgb(168, 85, 247);"
          viewBox="0 0 24 24"
          width="24"
          xmlns="http://www.w3.org/2000/svg"
        >
          <path
            d="M3 3v16a2 2 0 0 0 2 2h16"
          />
          <path
            d="M18 17V9"
          />
          <path
            d="M13 17V5"
          />
          <path
            d="M8 17v-3"
          />
        </svg>
        <div>
          <span
            class="block text-[13px] font-semibold text-foreground"
          >
            Borrowing Power
          </span>
          <span
            class="block text-[11px] text-muted-foreground"
          >
            APRA buffer
          </span>
        </div>
      </a>
      <a
        class="calc-card flex min-h-[120px] flex-col justify-between rounded-2xl border border-black/5 bg-white p-4 active:scale-[0.97] transition-transform"
        href="/lmi-calculator"
        style="--card-accent: #ea580c;"
      >
        <svg
          class="lucide lucide-shield h-6 w-6"
          fill="none"
          height="24"
          stroke="currentColor"
          stroke-linecap="round"
          stroke-linejoin="round"
          stroke-width="2"
          style="color: rgb(234, 88, 12);"
          viewBox="0 0 24 24"
          width="24"
          xmlns="http://www.w3.org/2000/svg"
        >
          <path
            d="M20 13c0 5-3.5 7.5-7.66 8.95a1 1 0 0 1-.67-.01C7.5 20.5 4 18 4 13V6a1 1 0 0 1 1-1c2 0 4.5-1.2 6.24-2.72a1.17 1.17 0 0 1 1.52 0C14.51 3.81 17 5 19 5a1 1 0 0 1 1 1z"
          />
        </svg>
        <div>
          <span
            class="block text-[13px] font-semibold text-foreground"
          >
            LMI
          </span>
          <span
            class="block text-[11px] text-muted-foreground"
          >
            Avoid $15k+
          </span>
        </div>
      </a>
      <a
        class="calc-card flex min-h-[120px] flex-col justify-between rounded-2xl border border-black/5 bg-white p-4 active:scale-[0.97] transition-transform"
        href="/loan-comparison-calculator"
        style="--card-accent: #475569;"
      >
        <svg
          class="lucide lucide-arrow-left-right h-6 w-6"
          fill="none"
          height="24"
          stroke="currentColor"
          stroke-linecap="round"
          stroke-linejoin="round"
          stroke-width="2"
          style="color: rgb(71, 85, 105);"
          viewBox="0 0 24 24"
          width="24"
          xmlns="http://www.w3.org/2000/svg"
        >
          <path
            d="M8 3 4 7l4 4"
          />
          <path
            d="M4 7h16"
          />
          <path
            d="m16 21 4-4-4-4"
          />
          <path
            d="M20 17H4"
          />
        </svg>
        <div>
          <span
            class="block text-[13px] font-semibold text-foreground"
          >
            Compare Loans
          </span>
          <span
            class="block text-[11px] text-muted-foreground"
          >
            Side by side
          </span>
        </div>
      </a>
      <a
        class="calc-card flex min-h-[120px] flex-col justify-between rounded-2xl border border-black/5 bg-white p-4 active:scale-[0.97] transition-transform"
        href="/rent-vs-buy-calculator"
        style="--card-accent: #dc2626;"
      >
        <svg
          class="lucide lucide-building2 h-6 w-6"
          fill="none"
          height="24"
          stroke="currentColor"
          stroke-linecap="round"
          stroke-linejoin="round"
          stroke-width="2"
          style="color: rgb(220, 38, 38);"
          viewBox="0 0 24 24"
          width="24"
          xmlns="http://www.w3.org/2000/svg"
        >
          <path
            d="M6 22V4a2 2 0 0 1 2-2h8a2 2 0 0 1 2 2v18Z"
          />
          <path
            d="M6 12H4a2 2 0 0 0-2 2v6a2 2 0 0 0 2 2h2"
          />
          <path
            d="M18 9h2a2 2 0 0 1 2 2v9a2 2 0 0 1-2 2h-2"
          />
          <path
            d="M10 6h4"
          />
          <path
            d="M10 10h4"
          />
          <path
            d="M10 14h4"
          />
          <path
            d="M10 18h4"
          />
        </svg>
        <div>
          <span
            class="block text-[13px] font-semibold text-foreground"
          >
            Rent vs Buy
          </span>
          <span
            class="block text-[11px] text-muted-foreground"
          >
            Break-even
          </span>
        </div>
      </a>
      <a
        class="calc-card flex min-h-[120px] flex-col justify-between rounded-2xl border border-black/5 bg-white p-4 active:scale-[0.97] transition-transform"
        href="/refinance-calculator"
        style="--card-accent: #0d9488;"
      >
        <svg
          class="lucide lucide-repeat h-6 w-6"
          fill="none"
          height="24"
          stroke="currentColor"
          stroke-linecap="round"
          stroke-linejoin="round"
          stroke-width="2"
          style="color: rgb(13, 148, 136);"
          viewBox="0 0 24 24"
          width="24"
          xmlns="http://www.w3.org/2000/svg"
        >
          <path
            d="m17 2 4 4-4 4"
          />
          <path
            d="M3 11v-1a4 4 0 0 1 4-4h14"
          />
          <path
            d="m7 22-4-4 4-4"
          />
          <path
            d="M21 13v1a4 4 0 0 1-4 4H3"
          />
        </svg>
        <div>
          <span
            class="block text-[13px] font-semibold text-foreground"
          >
            Refinance
          </span>
          <span
            class="block text-[11px] text-muted-foreground"
          >
            Switch & save
          </span>
        </div>
      </a>
      <a
        class="calc-card flex min-h-[120px] flex-col justify-between rounded-2xl border border-black/5 bg-white p-4 active:scale-[0.97] transition-transform"
        href="/extra-repayments-calculator"
        style="--card-accent: #d97706;"
      >
        <svg
          class="lucide lucide-circle-plus h-6 w-6"
          fill="none"
          height="24"
          stroke="currentColor"
          stroke-linecap="round"
          stroke-linejoin="round"
          stroke-width="2"
          style="color: rgb(217, 119, 6);"
          viewBox="0 0 24 24"
          width="24"
          xmlns="http://www.w3.org/2000/svg"
        >
          <circle
            cx="12"
            cy="12"
            r="10"
          />
          <path
            d="M8 12h8"
          />
          <path
            d="M12 8v8"
          />
        </svg>
        <div>
          <span
            class="block text-[13px] font-semibold text-foreground"
          >
            Extra Repayments
          </span>
          <span
            class="block text-[11px] text-muted-foreground"
          >
            Pay off sooner
          </span>
        </div>
      </a>
    </div>
  </section>
  <div
    class="px-4 pt-6"
  />
  <section
    class="px-4 pt-6"
  >
    <div
      class="mb-2 flex items-center gap-2"
    >
      <span
        aria-hidden="true"
        class="h-1.5 w-1.5 rounded-full bg-success"
      />
      <p
        class="text-[10px] font-semibold uppercase tracking-wider text-muted-foreground"
      >
        Live Australian data
      </p>
    </div>
    <div
      class="overflow-hidden rounded-2xl border border-border bg-background"
    >
      <div
        class="flex items-center justify-between px-4 py-2.5 text-[13px] border-b border-border"
      >
        <span
          class="text-muted-foreground"
        >
          RBA cash rate
        </span>
        <span
          class="tnum font-semibold text-foreground"
        >
          4.10%
        </span>
      </div>
      <div
        class="flex items-center justify-between px-4 py-2.5 text-[13px] border-b border-border"
      >
        <span
          class="text-muted-foreground"
        >
          Owner-occupier avg
        </span>
        <span
          class="tnum font-semibold text-foreground"
        >
          5.66%
        </span>
      </div>
      <div
        class="flex items-center justify-between px-4 py-2.5 text-[13px] border-b border-border"
      >
        <span
          class="text-muted-foreground"
        >
          NSW FHB exemption
        </span>
        <span
          class="tnum font-semibold text-success"
        >
          ≤ $800k
        </span>
      </div>
      <div
        class="flex items-center justify-between px-4 py-2.5 text-[13px] border-b border-border"
      >
        <span
          class="text-muted-foreground"
        >
          QLD First Home Grant
        </span>
        <span
          class="tnum font-semibold text-success"
        >
          $30,000
        </span>
      </div>
      <div
        class="flex items-center justify-between px-4 py-2.5 text-[13px] "
      >
        <span
          class="text-muted-foreground"
        >
          Min deposit (no LMI)
        </span>
        <span
          class="tnum font-semibold text-foreground"
        >
          20%
        </span>
      </div>
    </div>
  </section>
  <section
    class="px-4 pt-6"
  >
    <h2
      class="mb-3 text-[16px] font-semibold text-foreground"
    >
      Most used right now
    </h2>
    <div
      class="overflow-hidden rounded-2xl border border-border bg-background"
    >
      <a
        class="flex items-center gap-3 px-4 py-3 active:bg-surface border-b border-border"
        href="/stamp-duty-calculator"
      >
        <span
          class="flex h-6 w-6 flex-shrink-0 items-center justify-center rounded-full bg-foreground text-[11px] font-bold text-background"
        >
          1
        </span>
        <div
          class="flex-1"
        >
          <p
            class="text-[14px] font-medium text-foreground"
          >
            Stamp duty calculator
          </p>
          <p
            class="text-[12px] text-muted-foreground"
          >
            All 8 states including ACT
          </p>
        </div>
        <span
          class="text-muted-foreground"
        >
          →
        </span>
      </a>
      <a
        class="flex items-center gap-3 px-4 py-3 active:bg-surface border-b border-border"
        href="/mortgage-calculator"
      >
        <span
          class="flex h-6 w-6 flex-shrink-0 items-center justify-center rounded-full bg-foreground text-[11px] font-bold text-background"
        >
          2
        </span>
        <div
          class="flex-1"
        >
          <p
            class="text-[14px] font-medium text-foreground"
          >
            Mortgage calculator
          </p>
          <p
            class="text-[12px] text-muted-foreground"
          >
            With amortisation schedule
          </p>
        </div>
        <span
          class="text-muted-foreground"
        >
          →
        </span>
      </a>
      <a
        class="flex items-center gap-3 px-4 py-3 active:bg-surface "
        href="/borrowing-power-calculator"
      >
        <span
          class="flex h-6 w-6 flex-shrink-0 items-center justify-center rounded-full bg-foreground text-[11px] font-bold text-background"
        >
          3
        </span>
        <div
          class="flex-1"
        >
          <p
            class="text-[14px] font-medium text-foreground"
          >
            Borrowing power calculator
          </p>
          <p
            class="text-[12px] text-muted-foreground"
          >
            Includes APRA 3% buffer
          </p>
        </div>
        <span
          class="text-muted-foreground"
        >
          →
        </span>
      </a>
    </div>
  </section>
  <div
    class="px-4 pt-6"
  />
  <section
    class="px-4 pt-6"
  >
    <h2
      class="mb-3 text-[16px] font-semibold text-foreground"
    >
      Common questions
    </h2>
    <div
      class="overflow-hidden rounded-2xl border border-border bg-background"
    >
      <div
        class=""
      >
        <button
          aria-expanded="true"
          class="flex w-full items-center justify-between gap-3 px-4 py-3.5 text-left"
          type="button"
        >
          <span
            class="text-[14px] font-medium text-foreground"
          >
            What is the current RBA cash rate?
          </span>
          <svg
            class="lucide lucide-chevron-down h-4 w-4 flex-shrink-0 text-muted-foreground transition-transform rotate-180"
            fill="none"
            height="24"
            stroke="currentColor"
            stroke-linecap="round"
            stroke-linejoin="round"
            stroke-width="2"
            viewBox="0 0 24 24"
            width="24"
            xmlns="http://www.w3.org/2000/svg"
          >
            <path
              d="m6 9 6 6 6-6"
            />
          </svg>
        </button>
        <div
          class="px-4 pb-4 text-[14px] leading-relaxed text-muted-foreground"
        >
          The RBA cash rate is currently 4.10% (May 2026). Average owner-occupier rates sit around 5.66%. Use the mortgage calculator to see what this means for your repayments.
        </div>
      </div>
      <div
        class="border-t border-border"
      >
        <button
          aria-expanded="false"
          class="flex w-full items-center justify-between gap-3 px-4 py-3.5 text-left"
          type="button"
        >
          <span
            class="text-[14px] font-medium text-foreground"
          >
            Do first home buyers pay stamp duty in NSW?
          </span>
          <svg
            class="lucide lucide-chevron-down h-4 w-4 flex-shrink-0 text-muted-foreground transition-transform"
            fill="none"
            height="24"
            stroke="currentColor"
            stroke-linecap="round"
            stroke-linejoin="round"
            stroke-width="2"
            viewBox="0 0 24 24"
            width="24"
            xmlns="http://www.w3.org/2000/svg"
          >
            <path
              d="m6 9 6 6 6-6"
            />
          </svg>
        </button>
      </div>
      <div
        class="border-t border-border"
      >
        <button
          aria-expanded="false"
          class="flex w-full items-center justify-between gap-3 px-4 py-3.5 text-left"
          type="button"
        >
          <span
            class="text-[14px] font-medium text-foreground"
          >
            How much can I borrow on my salary?
          </span>
          <svg
            class="lucide lucide-chevron-down h-4 w-4 flex-shrink-0 text-muted-foreground transition-transform"
            fill="none"
            height="24"
            stroke="currentColor"
            stroke-linecap="round"
            stroke-linejoin="round"
            stroke-width="2"
            viewBox="0 0 24 24"
            width="24"
            xmlns="http://www.w3.org/2000/svg"
          >
            <path
              d="m6 9 6 6 6-6"
            />
          </svg>
        </button>
      </div>
      <div
        class="border-t border-border"
      >
        <button
          aria-expanded="false"
          class="flex w-full items-center justify-between gap-3 px-4 py-3.5 text-left"
          type="button"
        >
          <span
            class="text-[14px] font-medium text-foreground"
          >
            What is LMI and can I avoid it?
          </span>
          <svg
            class="lucide lucide-chevron-down h-4 w-4 flex-shrink-0 text-muted-foreground transition-transform"
            fill="none"
            height="24"
            stroke="currentColor"
            stroke-linecap="round"
            stroke-linejoin="round"
            stroke-width="2"
            viewBox="0 0 24 24"
            width="24"
            xmlns="http://www.w3.org/2000/svg"
          >
            <path
              d="m6 9 6 6 6-6"
            />
          </svg>
        </button>
      </div>
    </div>
  </section>
  <section
    class="px-4 pt-6"
  >
    <div
      class="mb-3 flex items-center justify-between"
    >
      <h2
        class="text-[16px] font-semibold text-foreground"
      >
        Free guides
      </h2>
      <a
        class="text-[13px] font-medium text-accent"
        href="/guides"
      >
        View all →
      </a>
    </div>
    <div
      class="overflow-hidden rounded-2xl border border-border bg-background"
    >
      <a
        class="flex items-center gap-3 px-4 py-3 text-[14px] text-foreground active:bg-surface border-b border-border"
        href="/guides/stamp-duty-australia-2026"
      >
        <svg
          class="lucide lucide-book-open h-4 w-4 flex-shrink-0 text-muted-foreground"
          fill="none"
          height="24"
          stroke="currentColor"
          stroke-linecap="round"
          stroke-linejoin="round"
          stroke-width="2"
          viewBox="0 0 24 24"
          width="24"
          xmlns="http://www.w3.org/2000/svg"
        >
          <path
            d="M12 7v14"
          />
          <path
            d="M3 18a1 1 0 0 1-1-1V4a1 1 0 0 1 1-1h5a4 4 0 0 1 4 4 4 4 0 0 1 4-4h5a1 1 0 0 1 1 1v13a1 1 0 0 1-1 1h-6a3 3 0 0 0-3 3 3 3 0 0 0-3-3z"
          />
        </svg>
        <span
          class="flex-1"
        >
          Stamp duty in every state 2026
        </span>
        <span
          class="text-muted-foreground"
        >
          →
        </span>
      </a>
      <a
        class="flex items-center gap-3 px-4 py-3 text-[14px] text-foreground active:bg-surface border-b border-border"
        href="/guides/what-is-lmi"
      >
        <svg
          class="lucide lucide-book-open h-4 w-4 flex-shrink-0 text-muted-foreground"
          fill="none"
          height="24"
          stroke="currentColor"
          stroke-linecap="round"
          stroke-linejoin="round"
          stroke-width="2"
          viewBox="0 0 24 24"
          width="24"
          xmlns="http://www.w3.org/2000/svg"
        >
          <path
            d="M12 7v14"
          />
          <path
            d="M3 18a1 1 0 0 1-1-1V4a1 1 0 0 1 1-1h5a4 4 0 0 1 4 4 4 4 0 0 1 4-4h5a1 1 0 0 1 1 1v13a1 1 0 0 1-1 1h-6a3 3 0 0 0-3 3 3 3 0 0 0-3-3z"
          />
        </svg>
        <span
          class="flex-1"
        >
          What is LMI and how to avoid it
        </span>
        <span
          class="text-muted-foreground"
        >
          →
        </span>
      </a>
      <a
        class="flex items-center gap-3 px-4 py-3 text-[14px] text-foreground active:bg-surface border-b border-border"
        href="/guides/borrowing-power-australia"
      >
        <svg
          class="lucide lucide-book-open h-4 w-4 flex-shrink-0 text-muted-foreground"
          fill="none"
          height="24"
          stroke="currentColor"
          stroke-linecap="round"
          stroke-linejoin="round"
          stroke-width="2"
          viewBox="0 0 24 24"
          width="24"
          xmlns="http://www.w3.org/2000/svg"
        >
          <path
            d="M12 7v14"
          />
          <path
            d="M3 18a1 1 0 0 1-1-1V4a1 1 0 0 1 1-1h5a4 4 0 0 1 4 4 4 4 0 0 1 4-4h5a1 1 0 0 1 1 1v13a1 1 0 0 1-1 1h-6a3 3 0 0 0-3 3 3 3 0 0 0-3-3z"
          />
        </svg>
        <span
          class="flex-1"
        >
          How much can I borrow in Australia?
        </span>
        <span
          class="text-muted-foreground"
        >
          →
        </span>
      </a>
      <a
        class="flex items-center gap-3 px-4 py-3 text-[14px] text-foreground active:bg-surface "
        href="/guides/first-home-buyer-grants-2026"
      >
        <svg
          class="lucide lucide-book-open h-4 w-4 flex-shrink-0 text-muted-foreground"
          fill="none"
          height="24"
          stroke="currentColor"
          stroke-linecap="round"
          stroke-linejoin="round"
          stroke-width="2"
          viewBox="0 0 24 24"
          width="24"
          xmlns="http://www.w3.org/2000/svg"
        >
          <path
            d="M12 7v14"
          />
          <path
            d="M3 18a1 1 0 0 1-1-1V4a1 1 0 0 1 1-1h5a4 4 0 0 1 4 4 4 4 0 0 1 4-4h5a1 1 0 0 1 1 1v13a1 1 0 0 1-1 1h-6a3 3 0 0 0-3 3 3 3 0 0 0-3-3z"
          />
        </svg>
        <span
          class="flex-1"
        >
          First home buyer grants 2026
        </span>
        <span
          class="text-muted-foreground"
        >
          →
        </span>
      </a>
    </div>
  </section>
  <p
    class="mt-8 px-4 text-center text-[12px] text-muted-foreground"
  >
    🔒 No sign-up · Free forever · Australian-made
  </p>
</div>
`;
